---
source: tests/cli.rs
expression: out
---
── search ────────────────────────────────────────────────────────────────────────────────── 2 of 2
#ops
  14 Sep 2023 14:00  vivien        deploy failed again
                                   https://acme.slack.com/archives/C9/p1694700000000100
  13 Sep 2023 10:13  vivien        deploy failed
                                   https://acme.slack.com/archives/C9/p1694600000000100
